CarlVasquez JoshuaRoyal MichaelStinnett JayBird MarvinCampbell RaymondElam MichaelSampson CharlesRomero JohnGaietto ThomasPelletier 
524.87
RonPalmer MarkBogart StevenDingle RonaldFeurtado PatrickHawley DavidMcnair MichaelSmith BillWard RalphHenry WilliamPeters 
447.00
DavidTyson MarkMunoz RandyMona WilliePepper MatthewAdams DavidSnider DavidWestendorf ToddFinley OscarStribling JonathanSpeigel 
573.00
JoshuaFrost JessieSchmidt GeorgeEvans DennyCyrus DanielAlexander EricHenley JosephAustin AndrewObrien LonnieNorrell 
546.13
RogerLozey GeorgeFarrish TravisCooke WilliamBrown CharlesBolden AlexHolt MorrisBurke QuintonJefferson GregoryAdams JoeCastellanos 
393.00
