1 9
2 7
0 2
1 5
9 6
4 0
4 0
SIN DESTINO
4 6
SIN DESTINO
7 0
0 9
7 2
SIN DESTINO
2 9
SIN DESTINO
SIN DESTINO
4 4
9 9
4 0
6 3
1 6
SIN DESTINO
5 8
SIN DESTINO
0 9
SIN DESTINO
SIN DESTINO
6 8
8 6
SIN DESTINO
SIN DESTINO
SIN DESTINO
0 2
SIN DESTINO
4 7
3 0
SIN DESTINO
3 9
SIN DESTINO
5 8
4 0
2 6
3 5
SIN DESTINO
4 4
0 1
3 6
8 3
SIN DESTINO
7 6
6 9
6 3
SIN DESTINO
6 4
6 0
7 5
8 3
2 7
