LorenStrief: 6
HeatherSavoy: 5
JohnSanabria: 7
AileenCantu: 1
JamesThompson: 8
JudyVargas: 10
JamesEvans: 7
SteveWeatherly: 17
JayBird: 10
AngelNordman: 2
AidaMadonia AileenCantu AngelNordman AnneMireles BobbyKathan GeraldZamora GregoryBrown HeatherSavoy JamesEvans JamesGonzales JamesThompson JayBird JohnSanabria JudyVargas LorenStrief MichaelZubiate RickeyArd SandraGarcia SherryWells SteveWeatherly 