11521
AIMxqwSrOzPDFWGvecaUdymsZHhCKBouNEgfb - sinulgtNFYE
AMjvuOspFGUPxWcTeaCYhNRnrIwEJyqbLXVidkHKgoQfDzB - RTizUHxXyLlcfpMwBEqWsFvCrIZDJnOmjudGgYPkNV
AMjvuOspFGUPxWcTeaCYhNRnrIwEJyqbLXVidkHKgoQfDzB - gXyzqTdtiAbspDOPYkHuWvl
AmHctDfRnwFEQiBupLKjgzaGvPIrMxWCdZOsy - l
AmHctDfRnwFEQiBupLKjgzaGvPIrMxWCdZOsy - zebcgExIWDoOQTRFMusHKqrYJjmtnyvp
AmHctDfRnwFEQiBupLKjgzaGvPIrMxWCdZOsy - zkxwlBhds
AxwutyCgejlnRpVsvkhGWYdfrBTUKEXNFbMQmHic - l
BGPTRIlCvahWEefjyVKJdSNOAZptwMXknFzsbYHLiqDomr - N
BYVLtlTUMwPmqzrZjgpHbOACxRiuQyIWGdckDSfoaseh - IXJWuFnUpfwhzHPTNiMERbKom
BfwHKJWiXeDhqgQAOkCpPYRNuSm - iJylWxArRnbGEMNL
BjTPwNdyqVSo - DPIsJjBOUNc
BjTPwNdyqVSo - LjryFIBpGmWQVZJwRzEMnDHSOgoUaTXuAcfCx
BjTPwNdyqVSo - cXo
BkAFplJvQUDTMVeoGxgduszbXiHyhCIZKWPrfqNaRLwOYE - EwyYxPGmBXeafoSApWOTsQJqudjhlVbrZNnRtHzF
BkAFplJvQUDTMVeoGxgduszbXiHyhCIZKWPrfqNaRLwOYE - QmtSYbEhXcgjqyBzexaPuATUMfRKCOklFILHNZsJwdvpnD
BkAFplJvQUDTMVeoGxgduszbXiHyhCIZKWPrfqNaRLwOYE - yeacliqFW
BmYDcxtOMdXRwuVJUorCWqPkEpLbezNQnFfjIAaHSThylsG - DbhcCrjgwBPlxEpMtIWTJduesfHLoGONXzin
BmYDcxtOMdXRwuVJUorCWqPkEpLbezNQnFfjIAaHSThylsG - LrmQIKfOsCGjeJkiShFoyxbnT
BqFPGhAfEmSLCZWysuMlJjvcaDtzkbUp - JXdGoSqLuQFWVyOEPgzksKHtx
BqFPGhAfEmSLCZWysuMlJjvcaDtzkbUp - wTJplfgaohXvCIdnVjibBHxFtAEmMyWGk
CIgnBcwh - DPIsJjBOUNc
CIgnBcwh - cQEKnNewWstVAipBlhrbjuoRFPSMdvfL
CIgnBcwh - tDxrOjIcVnCZioKyX
CWOANDgtxKwQLZ - k
CWOANDgtxKwQLZ - rmoIbJlDYiQCKGPhEaMjNgAyOWVTsuUzXHLew
CWOANDgtxKwQLZ - wgYcNhUybQsZDrfSnxAmtXpalIJvLuFEk
CfidcDOUNlsvqLE - FJvKWgnaVlwEycmxOCLHMkAjqtpzRSuTrhidNboG
DNOhdKo - rmoIbJlDYiQCKGPhEaMjNgAyOWVTsuUzXHLew
DPIsJjBOUNc - KoH
DPIsJjBOUNc - fbgMTChYsiVuFRHIUzNQkLlXEApSGJxDrvPBeqndwajKoWtyZmc
DPIsJjBOUNc - m
DXQBFdwKyRuazbCZg - uzKQZSgBmpUPlGdDaRhFTXnH
DeCsakt - JdZYGkIpClyNqnQPXmOwvgKizWLajBucUSrAbeRoTthfDFVx
DeCsakt - nblLgaBITqGxtuRvcShPkMmFCJzow
DpMTUCatwhyYbz - FJvKWgnaVlwEycmxOCLHMkAjqtpzRSuTrhidNboG
DpMTUCatwhyYbz - sinulgtNFYE
DpMTUCatwhyYbz - zoDqMYahCj
EBQaZvDwTMqGfJOmsrePNKoAgcjLdVRluFnyxtk - HuatMifbpQjVgRhvIymElTnrNO
EBQaZvDwTMqGfJOmsrePNKoAgcjLdVRluFnyxtk - yaDvIXQpw
EBxNZWwsCbaJhAP - MqiYHsfPXkBVdzrQeIJC
EBxNZWwsCbaJhAP - PfUnrGlZtObRkBdwWzcpTJMVKyAIjLhEHCX
EBxNZWwsCbaJhAP - mjupEVxnKYlNedyGvfAqTCRhwL
EKvxcCDebStuRBfmTNoYrpMIVsqLnjlOXWAQzwUPihgkaGy - TYIVsxBCyKmwStNzuMbWPZavHApRnrjgEQLcJXG
EKvxcCDebStuRBfmTNoYrpMIVsqLnjlOXWAQzwUPihgkaGy - UQNrSuztdqTvgj
EerJI - evHtCpUnPugbmyWrlDaBATLG
EerJI - yaDvIXQpw
EmKLOfGVpdDJuj - evHtCpUnPugbmyWrlDaBATLG
EmKLOfGVpdDJuj - zCOWdScHgKmREawxqDPof
EwyYxPGmBXeafoSApWOTsQJqudjhlVbrZNnRtHzF - GxnPepstiZRLXUIaWvVhyEqcTBzFKrkJAjmMlSHdY
EwyYxPGmBXeafoSApWOTsQJqudjhlVbrZNnRtHzF - VniYBCIxotSWkDfyFRjHMvAcp
EwyYxPGmBXeafoSApWOTsQJqudjhlVbrZNnRtHzF - kFETqBmvRGnIfdsDKuhaLPOQMcxgAZjUSiVCzo
FJvKWgnaVlwEycmxOCLHMkAjqtpzRSuTrhidNboG - LxsRvXOcEPC
FkJaZnONwQDPhBfCboRzGHsjpLXyWurSVdxUAlMqeiTYgIKmctv - XlAWjoBJmLbRsGpnVIquzfkFNigUtvMhwrdxeSaCYZKOPQHE
FkJaZnONwQDPhBfCboRzGHsjpLXyWurSVdxUAlMqeiTYgIKmctv - sJlLaKvmZVOGHpqkTczywNFuSIRdixonYDBPgWQeAh
FoiYTNLbZDO - HFyDrNQdiPBgUJnsLGCShZMlROaboqtYKImpwcTVuWxv
FoiYTNLbZDO - wgYcNhUybQsZDrfSnxAmtXpalIJvLuFEk
FpCgtbDcdKqGZYamxvRAeWrluyHzQkJUoM - pGnPCwoKsqrbEXyueJHVFlWfMTm
FpCgtbDcdKqGZYamxvRAeWrluyHzQkJUoM - wfJLaKrBIWQyOEvuYgDFVhqkxzcdoNXPSlZpC
GHQAUcCTKqMifzRtaIXpsmNvgkwloZuBxPEFSJrWdLheYjb - k
GLweJPvCuqlsRbFdUXkmZDNWxjAa - PqCY
GLweJPvCuqlsRbFdUXkmZDNWxjAa - ZiHyVJXtGxbehmprvRMcALPdYNUwgsa
GLweJPvCuqlsRbFdUXkmZDNWxjAa - rmoIbJlDYiQCKGPhEaMjNgAyOWVTsuUzXHLew
GSpvogTxWHsZzBtwqUnAYucKbOeFJjNaILRdXfmDQ - ZByb
GSpvogTxWHsZzBtwqUnAYucKbOeFJjNaILRdXfmDQ - isnrboCqumpJ
GSpvogTxWHsZzBtwqUnAYucKbOeFJjNaILRdXfmDQ - odXlbVYzFBREKkOnrZjtacHxiAufCgPwsDTNUm
GrRJCpqcQWFnoVNOXkwuAZPvdfKxDLlTYtMBszjHeagI - KkSQIDOPrWdJsbyR
GrRJCpqcQWFnoVNOXkwuAZPvdfKxDLlTYtMBszjHeagI - YaiTfIWJkoceV
GrRJCpqcQWFnoVNOXkwuAZPvdfKxDLlTYtMBszjHeagI - cQEKnNewWstVAipBlhrbjuoRFPSMdvfL
GrRJCpqcQWFnoVNOXkwuAZPvdfKxDLlTYtMBszjHeagI - tmwxoOFygNnJqdVRCZPEWuecUXSDlQpz
GrRJCpqcQWFnoVNOXkwuAZPvdfKxDLlTYtMBszjHeagI - yeacliqFW
GxnPepstiZRLXUIaWvVhyEqcTBzFKrkJAjmMlSHdY - bfcASQndvuwVjsgXhIoMaGElJyimDrPRUKTFt
HGjeXmvaYhuLWMzbcqVBRAtDdNZJslyIxO - cAJknHfTOuoga
HMLINPtboYBqhvSdFQgfcAJuVsxRZpmznUaEwlG - JdZYGkIpClyNqnQPXmOwvgKizWLajBucUSrAbeRoTthfDFVx
HMpDqGYnToJWfjCSIXEtxkhcb - KickdTA
HinvfImwNDzOSTxuoUXtqJQkaeCbKAMWPEscYjFpRdlLrhGg - VniYBCIxotSWkDfyFRjHMvAcp
HinvfImwNDzOSTxuoUXtqJQkaeCbKAMWPEscYjFpRdlLrhGg - iOzrmuHwoZdIWbhDlTjXYvkcUPnNpEsSBayK
HpFInbWSykPcLhJtNColTBwdzUexaYqfrVXjARmvMgE - RIJtTKjOYxeCfFpQSLM
HpFInbWSykPcLhJtNColTBwdzUexaYqfrVXjARmvMgE - yQAvrclKhozYGPRtZqITfUpVaumWBkJeLbHC
HuatMifbpQjVgRhvIymElTnrNO - RNAVsXfwUZhlytHQncPaWKSCbjqFEMz
IGqgYbXnpoNucAzShKxtjewLdVHBRm - NhzEtcqZJbAeInlSXvGTBoOpVwQC
IGqgYbXnpoNucAzShKxtjewLdVHBRm - cQEKnNewWstVAipBlhrbjuoRFPSMdvfL
IKlLeNtPsxuBiWnzFroEXqTMjZQdmkwA - w
INQvHBJtF - qxcapMBkEuePKUAHyiCloWrFnvzbTdN
INQvHBJtF - wTJplfgaohXvCIdnVjibBHxFtAEmMyWGk
IXJWuFnUpfwhzHPTNiMERbKom - JXdGoSqLuQFWVyOEPgzksKHtx
IXJWuFnUpfwhzHPTNiMERbKom - MzQxwsyDRiUCWVkXZYOEloPJfhjAcpTgIKtrebSa
IXJWuFnUpfwhzHPTNiMERbKom - bGwqpPTJtAeNoiBHXE
IyPsGojCBpbhnDNUEvdqAWxcerMtTlKOVLuJYfmHgzwXSZR - aDrRkIqAXynYJsQchZj
JXdGoSqLuQFWVyOEPgzksKHtx - qVIjBQHwTWyFnvfCYoGmNXbD
JbhzEaGdxnImgfTpNryCktRjPAKVwLQqBDFMZ - zoDqMYahCj
JdZYGkIpClyNqnQPXmOwvgKizWLajBucUSrAbeRoTthfDFVx - kTrHgcdAifVBXyLoFIupOsbnPKJhEWjZveMt
JdZYGkIpClyNqnQPXmOwvgKizWLajBucUSrAbeRoTthfDFVx - wfJLaKrBIWQyOEvuYgDFVhqkxzcdoNXPSlZpC
JlHGWtMpnoz - peZmfhaCXyWwPcJslFkNTAV
JlHGWtMpnoz - rxkM
JlHGWtMpnoz - xUbwoRnBDueZvFgySGaNmQIs
JxGP - KtLWCUgFQzYOlJqPsfrkbREhuiBXaSMHDwVyTvxnoZeNj
KBIMsmgZxiYckrEFqtSjbTyoJUOzewfaVANPLW - N
KBIMsmgZxiYckrEFqtSjbTyoJUOzewfaVANPLW - yEdRILalO
KIjBQnCVAmYWEgadqyFGuxhHDZszNepMPSw - dgAvGkcsYSKEnpXPTBjibwCZFoRrH
KIjBQnCVAmYWEgadqyFGuxhHDZszNepMPSw - igQncEAlUfYWD
KIjBQnCVAmYWEgadqyFGuxhHDZszNepMPSw - wfJLaKrBIWQyOEvuYgDFVhqkxzcdoNXPSlZpC
KYujwJgmQobhcRsfLdzBMiVWxlPyCSrtZnDeOXNpEITvHAqaFU - XyKMGonsWFeUhkIOBSlPivNAtwRzqmQaJ
KYujwJgmQobhcRsfLdzBMiVWxlPyCSrtZnDeOXNpEITvHAqaFU - axhLoFOuU
KYujwJgmQobhcRsfLdzBMiVWxlPyCSrtZnDeOXNpEITvHAqaFU - vrJQIyzYTiSNcBUmwPkZnCXMbsFGLRqeHWldhaoODt
KYujwJgmQobhcRsfLdzBMiVWxlPyCSrtZnDeOXNpEITvHAqaFU - zRwWLPurlmDyqF
KafztLhRonjrePbxUidTOgMqG - PqCY
KickdTA - ZnElPXQBdRYOHILtDKWThq
KkSQIDOPrWdJsbyR - nbKkqFCmaLGSUsD
KtHCRcpreOBJgWbIiTPUqxfo - YaiTfIWJkoceV
KtLWCUgFQzYOlJqPsfrkbREhuiBXaSMHDwVyTvxnoZeNj - pQyUPdumazrNwCoYlIfHbjODgVvFiAWGxZKktEqsMT
KtLWCUgFQzYOlJqPsfrkbREhuiBXaSMHDwVyTvxnoZeNj - xyTqYNZnihMuBKfkdtSLPAXRIJjCrO
LIFMcjNnbODStHTlvEuhzVkpRZWCoQwrd - XYBICHdOnSMGhagNsEvLUlWyfztpKbeRjP
LIFMcjNnbODStHTlvEuhzVkpRZWCoQwrd - sPFCkUlMoYBE
LewPIRMfTrpxXsjnDCYSJygbqUlZhvtWVAcuiNFKBE - pQyUPdumazrNwCoYlIfHbjODgVvFiAWGxZKktEqsMT
LjryFIBpGmWQVZJwRzEMnDHSOgoUaTXuAcfCx - RTizUHxXyLlcfpMwBEqWsFvCrIZDJnOmjudGgYPkNV
LjryFIBpGmWQVZJwRzEMnDHSOgoUaTXuAcfCx - XAUpqCeGhrQSuJPwiOFmLv
LjryFIBpGmWQVZJwRzEMnDHSOgoUaTXuAcfCx - mjupEVxnKYlNedyGvfAqTCRhwL
LjryFIBpGmWQVZJwRzEMnDHSOgoUaTXuAcfCx - yelbKEZWrB
LjxbizlgRNSfyHVaervDJmQuXodFYktM - pGsyXFxfIgWTMknQqLYEKJh
LrmQIKfOsCGjeJkiShFoyxbnT - nbKkqFCmaLGSUsD
MzmcgKNsolYQtOvGUxdHPDhubVRw - OZdn
MzmcgKNsolYQtOvGUxdHPDhubVRw - TywQ
MzmcgKNsolYQtOvGUxdHPDhubVRw - tWK
N - fXTW
N - vLgpbilQRzTfMetkOaVmXGsNBExJKuhInAryYFWScUCjqZoDPH
OCipknKAEBPWNILGsJXqfSdYbMQtFHaezvymRlg - YZTnIJCirQHPFvLoWezmNaXpkjDsVyOSfAuMbxUtEGcKqwdgBhl
OCipknKAEBPWNILGsJXqfSdYbMQtFHaezvymRlg - oXJlqgQueaMPGzpEiK
OJSAsnyY - oSdekQnuURrThfVzvxc
OJSAsnyY - zoDqMYahCj
OTVQhLYWrUmg - yelbKEZWrB
OdwzmxUGuRfNnACpFrWsE - YZTnIJCirQHPFvLoWezmNaXpkjDsVyOSfAuMbxUtEGcKqwdgBhl
PqCY - YAMvIXpgOZxdSk
QUKdRyWoEHmqbwaSLcCVuDJnsNlxXkAgpItTzrGiMhe - TaBvAHdilpUOQqrRtSsXLhgCYfWbVjyKDuZeEP
QUKdRyWoEHmqbwaSLcCVuDJnsNlxXkAgpItTzrGiMhe - iJylWxArRnbGEMNL
QUKdRyWoEHmqbwaSLcCVuDJnsNlxXkAgpItTzrGiMhe - sJlLaKvmZVOGHpqkTczywNFuSIRdixonYDBPgWQeAh
QwZRJhuAsvkOmKHzndpETqjYygetNSICFXPxaUBfcW - wqFhcaKNvuRtrLyAzkbSDCeVIJdGB
QwZRJhuAsvkOmKHzndpETqjYygetNSICFXPxaUBfcW - yaDvIXQpw
RGDyZ - yelbKEZWrB
RIJtTKjOYxeCfFpQSLM - evHtCpUnPugbmyWrlDaBATLG
RPdQAnhKtacIFrsjXqZow - bzpmwBMoJZDUIQKhnRjvHOkLx
RTizUHxXyLlcfpMwBEqWsFvCrIZDJnOmjudGgYPkNV - buaZpPCOQUFKrqnGtYzlcysmVjMoLBAewXxHkDWTfgEidINv
Rgv - YZTnIJCirQHPFvLoWezmNaXpkjDsVyOSfAuMbxUtEGcKqwdgBhl
SQDeYtCRu - YAMvIXpgOZxdSk
SQDeYtCRu - YjxcXuKlhobvISUknHLerFRmDQZVCfGtWysqPBiJwgT
SQDeYtCRu - cgZayehYbdqDkIiBHKFMQzlvWnGtoUfj
ShEQrsPnJMVaNTCxqjLlARmebdtW - ZnElPXQBdRYOHILtDKWThq
TYIVsxBCyKmwStNzuMbWPZavHApRnrjgEQLcJXG - ZSXNLlvnkaAsDftGERIzhmxCMduHjJTqgoFPYwirQcbO
UQNrSuztdqTvgj - ZiHyVJXtGxbehmprvRMcALPdYNUwgsa
UQNrSuztdqTvgj - pGsyXFxfIgWTMknQqLYEKJh
VYLqwIRAEf - YFygRwSoJUsQuMzimenqGbrIdhZAlpaDWcTVjxPHvEfKktC
VYLqwIRAEf - sWcrGXPCuKgZbJvjo
VYbuOvGthmaWsSciLRejXkUMFNPTAQyDHl - ZnElPXQBdRYOHILtDKWThq
XYBICHdOnSMGhagNsEvLUlWyfztpKbeRjP - lFdebnDQpyw
XdAvMDfQNFcmTRexsPhSGUoanJZbEkOiqKpIygVujHB - cAJknHfTOuoga
XdOMwbvYEpZPxLVADrWcysoqkBTNujHzU - m
XlAWjoBJmLbRsGpnVIquzfkFNigUtvMhwrdxeSaCYZKOPQHE - YZTnIJCirQHPFvLoWezmNaXpkjDsVyOSfAuMbxUtEGcKqwdgBhl
XyKMGonsWFeUhkIOBSlPivNAtwRzqmQaJ - xUbwoRnBDueZvFgySGaNmQIs
YAMvIXpgOZxdSk - YFygRwSoJUsQuMzimenqGbrIdhZAlpaDWcTVjxPHvEfKktC
YAMvIXpgOZxdSk - gqcZWTyLbmCiEDKfuFYeQvt
YKldEpThecFMHnxWIymjbrwuZfOiUgLJXv - ZByb
YKldEpThecFMHnxWIymjbrwuZfOiUgLJXv - oB
YaiTfIWJkoceV - cgZayehYbdqDkIiBHKFMQzlvWnGtoUfj
Yn - bzpmwBMoJZDUIQKhnRjvHOkLx
Yn - cAJknHfTOuoga
Yn - reodWglzPGvyNUBaVbAHSY
ZSXNLlvnkaAsDftGERIzhmxCMduHjJTqgoFPYwirQcbO - h
ZSXNLlvnkaAsDftGERIzhmxCMduHjJTqgoFPYwirQcbO - jUTEqDVYZCArulJRQtSbmaIyGNBcXhsdkpWKgoLHwOMnPzeiFxv
ZiHyVJXtGxbehmprvRMcALPdYNUwgsa - hSvyzOPF
ZjaLfbPVvmtoXsBeYJcIpCQSNzE - rmoIbJlDYiQCKGPhEaMjNgAyOWVTsuUzXHLew
ZnElPXQBdRYOHILtDKWThq - oSdekQnuURrThfVzvxc
aDrRkIqAXynYJsQchZj - cgZayehYbdqDkIiBHKFMQzlvWnGtoUfj
aDrRkIqAXynYJsQchZj - edEFcpVWAwDKsLMHOZvCaNxtlIbiXnrTfBoQPjRmz
aDrRkIqAXynYJsQchZj - ysigjhtDKUWYaSNIzrZQb
auvdgothQpCJlBrLyijTEcx - cTGUPhmIMezpJojgtvSKnuDwCLVldFNq
auvdgothQpCJlBrLyijTEcx - ysigjhtDKUWYaSNIzrZQb
byWCAuYGIgxwNitsmeDEdqSfjPczlVKBJHpoTZOXQ - jUTEqDVYZCArulJRQtSbmaIyGNBcXhsdkpWKgoLHwOMnPzeiFxv
byWCAuYGIgxwNitsmeDEdqSfjPczlVKBJHpoTZOXQ - sJlLaKvmZVOGHpqkTczywNFuSIRdixonYDBPgWQeAh
bzpmwBMoJZDUIQKhnRjvHOkLx - vLgpbilQRzTfMetkOaVmXGsNBExJKuhInAryYFWScUCjqZoDPH
cQEKnNewWstVAipBlhrbjuoRFPSMdvfL - sinulgtNFYE
cQEKnNewWstVAipBlhrbjuoRFPSMdvfL - wTJplfgaohXvCIdnVjibBHxFtAEmMyWGk
cVMOGPRtdJxiWzqfHsAYvNKwEImQFjbZ - uzKQZSgBmpUPlGdDaRhFTXnH
cmRIaC - mjupEVxnKYlNedyGvfAqTCRhwL
cmRIaC - pQyUPdumazrNwCoYlIfHbjODgVvFiAWGxZKktEqsMT
dgAvGkcsYSKEnpXPTBjibwCZFoRrH - sinulgtNFYE
eOqKydHDkMsGicZAEajWYvhTQJLlBuxrUCXpfFRNVgb - l
gqcZWTyLbmCiEDKfuFYeQvt - yEdRILalO
hQlKkBIXaiEwMeGxmqZbTrtjpWUufnAYLNyPdVJHoFSRzvO - yelbKEZWrB
iJylWxArRnbGEMNL - isnrboCqumpJ
iOzrmuHwoZdIWbhDlTjXYvkcUPnNpEsSBayK - sZYHdijrqwvyhWTtJQbxEPgOmBpGAcSuzC
iOzrmuHwoZdIWbhDlTjXYvkcUPnNpEsSBayK - xQRkWNXdloFmeqYKyD
igQncEAlUfYWD - rUyWQHPVNc
isnrboCqumpJ - zkxwlBhds
k - vVfMrBHUgNJSindcOAeYomaPpqRybFXLkzlTjGDh
kTrHgcdAifVBXyLoFIupOsbnPKJhEWjZveMt - ljrAbUzOatvPBXSyRDIFqxidQkCHNKGYJnwgsfm
kTrHgcdAifVBXyLoFIupOsbnPKJhEWjZveMt - sPFCkUlMoYBE
l - ufWtJxDKFljiRMAmzCk
lVwDjsJuoymMBFqxKOciNGXRS - pGsyXFxfIgWTMknQqLYEKJh
mcFhYrIuVBnkNSTGtjRWbEZpKzyolQsHUDixPgfeCwAdOL - oSdekQnuURrThfVzvxc
nukUVvecXQaCx - oB
pGsyXFxfIgWTMknQqLYEKJh - xUbwoRnBDueZvFgySGaNmQIs
pWscoQrZYbwIaORfuDG - sJlLaKvmZVOGHpqkTczywNFuSIRdixonYDBPgWQeAh
pWscoQrZYbwIaORfuDG - w
plcQqoWrmBEMnZU - sJlLaKvmZVOGHpqkTczywNFuSIRdixonYDBPgWQeAh
plcQqoWrmBEMnZU - xuhXAUnPJbBlCZTzg
qHeEdXmpIvQfxhbM - sZYHdijrqwvyhWTtJQbxEPgOmBpGAcSuzC
qgYFWsPdVMkLvOnSXKxUpAHNoIteJi - zkxwlBhds
sJlLaKvmZVOGHpqkTczywNFuSIRdixonYDBPgWQeAh - uzKQZSgBmpUPlGdDaRhFTXnH
tDxrOjIcVnCZioKyX - xADHypnNSzVumioItQcbLPFqhfBXMOeTjWdwlrkCJsG
tWK - uifsqKmxVlptbOjgBHRPdoa
tWK - wgYcNhUybQsZDrfSnxAmtXpalIJvLuFEk
xADHypnNSzVumioItQcbLPFqhfBXMOeTjWdwlrkCJsG - xvZmfzJoYdkhUMsquEBgiAOaQFbywtXCWPlDnVpeLGHINjc
xADHypnNSzVumioItQcbLPFqhfBXMOeTjWdwlrkCJsG - zVWQhEnK
yaDvIXQpw - zRwWLPurlmDyqF
ysigjhtDKUWYaSNIzrZQb - zOJIZfLxeTvnMmVStoUcpHNYdj
